==============================================================================
SearchTest                                                                    
==============================================================================
Scenario 3 :: Search a product in the category list and check the ... | PASS |
------------------------------------------------------------------------------
SearchTest                                                            | PASS |
1 test, 1 passed, 0 failed
==============================================================================
Output:  /Users/jaredsalinas/PycharmProjects/LiverpoolDemo/tests/pabot_results/2/output.xml
